
> dashboard@0.0.0 dev
> vite

[2m10:31:14 am[22m [36m[1m[vite][22m[39m [90m[2m(client)[22m[39m Re-optimizing dependencies because vite config has changed

  [32m[1mVITE[22m v8.2.2[39m  [2mready in [0m[1m2482[22m[2m[0m ms[22m

  [32m➜[39m  [1mLocal[22m:   [36mhttp://localhost:[1m5173[22m/[39m
[2m  [32m➜[39m  [1mNetwork[22m[2m: use [22m[1m--host[22m[2m to expose[22m
[2m10:31:16 am[22m [36m[1m[vite][22m[39m [90m[2m(client)[22m[39m [optimizer] bundling dependencies...
[2m11:17:57 am[22m [31m[1m[vite][22m[39m [31m[2m(client)[22m[39m [2m[console.error] [22mPresence WebSocket error: {"isTrusted":true}
[2m11:18:26 am[22m [31m[1m[vite][22m[39m [31m[2m(client)[22m[39m [2m[console.error] [22mPresence WebSocket error: {"isTrusted":true}
[2m11:18:42 am[22m [36m[1m[vite][22m[39m [90m[2m(client)[22m[39m [32mpage reload [39m[2msrc/api/tasks.js[22m
[2m11:21:39 am[22m [36m[1m[vite][22m[39m [90m[2m(client)[22m[39m [32mpage reload [39m[2msrc/pages/TasksPage.jsx[22m
[2m11:22:31 am[22m [36m[1m[vite][22m[39m [90m[2m(client)[22m[39m [32mpage reload [39m[2msrc/pages/TasksPage.jsx[22m
[2m11:23:18 am[22m [36m[1m[vite][22m[39m [90m[2m(client)[22m[39m [32mpage reload [39m[2msrc/pages/TasksPage.jsx[22m
[2m11:23:30 am[22m [36m[1m[vite][22m[39m [90m[2m(client)[22m[39m [32mpage reload [39m[2msrc/pages/TasksPage.jsx[22m
[2m11:27:20 am[22m [36m[1m[vite][22m[39m [90m[2m(client)[22m[39m [32mpage reload [39m[2msrc/pages/TasksPage.jsx[22m
[2m11:32:14 am[22m [31m[1m[vite][22m[39m [31m[2m(client)[22m[39m [2m[console.error] [22mUser notification WebSocket error: {"isTrusted":true}
[2m11:32:14 am[22m [31m[1m[vite][22m[39m [31m[2m(client)[22m[39m [2m[console.error] [22mPresence WebSocket error: {"isTrusted":true}
[2m11:32:16 am[22m [31m[1m[vite][22m[39m [31m[2m(client)[22m[39m [2m[console.error] [22mUser notification WebSocket error: {"isTrusted":true}
[2m11:32:16 am[22m [31m[1m[vite][22m[39m [31m[2m(client)[22m[39m [2m[console.error] [22mPresence WebSocket error: {"isTrusted":true}
[2m11:32:18 am[22m [31m[1m[vite][22m[39m [31m[2m(client)[22m[39m [2m[console.error] [22mUser notification WebSocket error: {"isTrusted":true}
[2m11:32:18 am[22m [31m[1m[vite][22m[39m [31m[2m(client)[22m[39m [2m[console.error] [22mPresence WebSocket error: {"isTrusted":true}
[2m11:32:19 am[22m [31m[1m[vite][22m[39m [31m[2m(client)[22m[39m [2m[console.error] [22mUser notification WebSocket error: {"isTrusted":true}
[2m11:32:20 am[22m [31m[1m[vite][22m[39m [31m[2m(client)[22m[39m [2m[console.error] [22mPresence WebSocket error: {"isTrusted":true}
[2m11:32:21 am[22m [31m[1m[vite][22m[39m [31m[2m(client)[22m[39m [2m[console.error] [22mUser notification WebSocket error: {"isTrusted":true}
[2m11:32:22 am[22m [31m[1m[vite][22m[39m [31m[2m(client)[22m[39m [2m[console.error] [22mPresence WebSocket error: {"isTrusted":true}
[2m11:32:23 am[22m [31m[1m[vite][22m[39m [31m[2m(client)[22m[39m [2m[console.error] [22mUser notification WebSocket error: {"isTrusted":true}
[2m11:32:24 am[22m [31m[1m[vite][22m[39m [31m[2m(client)[22m[39m [2m[console.error] [22mPresence WebSocket error: {"isTrusted":true}
[2m11:32:25 am[22m [31m[1m[vite][22m[39m [31m[2m(client)[22m[39m [2m[console.error] [22mUser notification WebSocket error: {"isTrusted":true}
[2m11:32:26 am[22m [31m[1m[vite][22m[39m [31m[2m(client)[22m[39m [2m[console.error] [22mPresence WebSocket error: {"isTrusted":true}
[2m11:32:27 am[22m [31m[1m[vite][22m[39m [31m[2m(client)[22m[39m [2m[console.error] [22mUser notification WebSocket error: {"isTrusted":true}
[2m11:32:28 am[22m [31m[1m[vite][22m[39m [31m[2m(client)[22m[39m [2m[console.error] [22mPresence WebSocket error: {"isTrusted":true}
[2m11:32:29 am[22m [31m[1m[vite][22m[39m [31m[2m(client)[22m[39m [2m[console.error] [22mUser notification WebSocket error: {"isTrusted":true}
[2m11:32:30 am[22m [31m[1m[vite][22m[39m [31m[2m(client)[22m[39m [2m[console.error] [22mPresence WebSocket error: {"isTrusted":true}
[2m11:32:31 am[22m [31m[1m[vite][22m[39m [31m[2m(client)[22m[39m [2m[console.error] [22mUser notification WebSocket error: {"isTrusted":true}
[2m11:32:32 am[22m [31m[1m[vite][22m[39m [31m[2m(client)[22m[39m [2m[console.error] [22mPresence WebSocket error: {"isTrusted":true}
[2m11:32:33 am[22m [31m[1m[vite][22m[39m [31m[2m(client)[22m[39m [2m[console.error] [22mUser notification WebSocket error: {"isTrusted":true}
[2m11:32:34 am[22m [31m[1m[vite][22m[39m [31m[2m(client)[22m[39m [2m[console.error] [22mPresence WebSocket error: {"isTrusted":true}
[2m11:32:36 am[22m [31m[1m[vite][22m[39m [31m[2m(client)[22m[39m [2m[console.error] [22mUser notification WebSocket error: {"isTrusted":true}
[2m11:32:36 am[22m [31m[1m[vite][22m[39m [31m[2m(client)[22m[39m [2m[console.error] [22mPresence WebSocket error: {"isTrusted":true}
[2m11:32:37 am[22m [31m[1m[vite][22m[39m [31m[2m(client)[22m[39m [2m[console.error] [22mUser notification WebSocket error: {"isTrusted":true}
[2m11:32:38 am[22m [31m[1m[vite][22m[39m [31m[2m(client)[22m[39m [2m[console.error] [22mPresence WebSocket error: {"isTrusted":true}
[2m11:57:36 am[22m [36m[1m[vite][22m[39m [90m[2m(client)[22m[39m [32mpage reload [39m[2msrc/pages/TasksPage.jsx[22m
[2m11:57:54 am[22m [36m[1m[vite][22m[39m [90m[2m(client)[22m[39m [32mpage reload [39m[2msrc/pages/TasksPage.jsx[22m
[2m11:59:30 am[22m [36m[1m[vite][22m[39m [90m[2m(client)[22m[39m [32mpage reload [39m[2msrc/pages/TasksPage.jsx[22m
[2m12:00:47 pm[22m [36m[1m[vite][22m[39m [90m[2m(client)[22m[39m [32mpage reload [39m[2msrc/pages/TasksPage.jsx[22m
