
┌─────────────────────────────────────────────────────────┐
│ A new version of Flutter is available!                  │
│                                                         │
│ To update to the latest version, run "flutter upgrade". │
└─────────────────────────────────────────────────────────┘
Launching lib\main.dart on Chrome in debug mode...
Waiting for connection from debug service on Chrome...             55.7s

Flutter run key commands.
r Hot reload. 🔥🔥🔥
R Hot restart.
h List all available interactive commands.
d Detach (terminate "flutter run" but leave application running).
c Clear the screen
q Quit (terminate the application on the device).

This app is linked to the debug service: ws://127.0.0.1:56986/vqov14uCrnQ=/ws
Debug service listening on ws://127.0.0.1:56986/vqov14uCrnQ=/ws
A Dart VM Service on Chrome is available at: http://127.0.0.1:56986/vqov14uCrnQ=
The Flutter DevTools debugger and profiler on Chrome is available at: http://127.0.0.1:56986/vqov14uCrnQ=/devtools/?uri=ws://127.0.0.1:56986/vqov14uCrnQ=/ws
Starting application from main method in: org-dartlang-app:///web_entrypoint.dart.
[AuthProvider] Restored local session for operator (role: operator, shift: ALL)
[ApiService] Refresh token rejected by server (HTTP 401).
[AuthProvider] Refresh token explicitly rejected by server. Requiring login.
[ApiService] Received HTTP 401. Attempting silent token refresh...
[ApiService] No refresh token found.
[ApiService] Token refresh explicitly rejected. Triggering unauthenticated logout callback.
Could not find a set of Noto fonts to display all missing characters. Please add a font asset for the missing characters. See: https://docs.flutter.dev/cookbook/design/fonts
